
> figma-make-app@1.0.0 dev /Users/ricardo/Downloads/chilibowl
> vite --host 0.0.0.0


  VITE v8.0.3  ready in 278 ms

  ➜  Local:   http://localhost:8443/
  ➜  Network: http://172.16.69.6:8443/
  ➜  Network: http://10.27.156.220:8443/
9:42:03 AM [vite] vite.config.ts changed, restarting server...
9:42:03 AM [vite] server restarted.
9:43:41 AM [vite] (client) hmr update /src/App.tsx, /src/index.css
9:44:24 AM [vite] (client) hmr update /src/App.tsx
9:44:24 AM [vite] (client) hmr update /src/App.tsx
9:45:07 AM [vite] (client) hmr update /src/App.tsx
9:45:07 AM [vite] (client) hmr update /src/App.tsx
9:45:17 AM [vite] (client) hmr update /src/App.tsx
9:45:17 AM [vite] (client) hmr update /src/App.tsx
9:45:21 AM [vite] (client) hmr update /src/App.tsx
9:45:22 AM [vite] (client) hmr update /src/App.tsx
9:46:08 AM [vite] (client) hmr update /src/App.tsx
9:46:08 AM [vite] (client) hmr update /src/App.tsx
9:46:23 AM [vite] (client) hmr update /src/App.tsx
9:46:24 AM [vite] (client) hmr update /src/App.tsx
9:46:32 AM [vite] (client) hmr update /src/App.tsx
9:46:33 AM [vite] (client) hmr update /src/App.tsx
9:46:33 AM [vite] (client) hmr update /src/App.tsx
9:47:17 AM [vite] (client) hmr update /src/App.tsx, /src/index.css
9:48:03 AM [vite] (client) hmr update /src/App.tsx, /src/index.css
9:48:25 AM [vite] (client) hmr update /src/App.tsx, /src/index.css
9:48:55 AM [vite] (client) hmr update /src/App.tsx, /src/index.css
9:49:33 AM [vite] (client) hmr update /src/App.tsx, /src/index.css
 ELIFECYCLE  Command failed with exit code 143.
